============================= test session starts =============================
platform win32 -- Python 3.10.11, pytest-9.0.2, pluggy-1.6.0
rootdir: C:\Users\siddh\Projects\Emotion_and_AI
plugins: anyio-4.10.0, dash-4.1.0
collected 9 items / 8 errors

=================================== ERRORS ====================================
_________________ ERROR collecting tests/test_graph_smoke.py __________________
ImportError while importing test module 'C:\Users\siddh\Projects\Emotion_and_AI\tests\test_graph_smoke.py'.
Hint: make sure your test modules/packages have valid Python names.
Traceback:
C:\Python\lib\importlib\__init__.py:126: in import_module
    return _bootstrap._gcd_import(name[level:], package, level)
tests\test_graph_smoke.py:1: in <module>
    from core.narrative import StoryArc
E   ImportError: cannot import name 'StoryArc' from 'core.narrative' (C:\Users\siddh\Projects\Emotion_and_AI\core\narrative.py)
______________ ERROR collecting tests/test_interactive_smoke.py _______________
ImportError while importing test module 'C:\Users\siddh\Projects\Emotion_and_AI\tests\test_interactive_smoke.py'.
Hint: make sure your test modules/packages have valid Python names.
Traceback:
C:\Python\lib\importlib\__init__.py:126: in import_module
    return _bootstrap._gcd_import(name[level:], package, level)
tests\test_interactive_smoke.py:1: in <module>
    from core.agent import StoryAgent
core\agent.py:8: in <module>
    import wikipediaapi
E   ModuleNotFoundError: No module named 'wikipediaapi'
_______________ ERROR collecting tests/test_narrative_smoke.py ________________
ImportError while importing test module 'C:\Users\siddh\Projects\Emotion_and_AI\tests\test_narrative_smoke.py'.
Hint: make sure your test modules/packages have valid Python names.
Traceback:
C:\Python\lib\importlib\__init__.py:126: in import_module
    return _bootstrap._gcd_import(name[level:], package, level)
tests\test_narrative_smoke.py:5: in <module>
    from core.agent import StoryAgent
core\agent.py:8: in <module>
    import wikipediaapi
E   ModuleNotFoundError: No module named 'wikipediaapi'
_______________ ERROR collecting tests/test_storyboard_smoke.py _______________
ImportError while importing test module 'C:\Users\siddh\Projects\Emotion_and_AI\tests\test_storyboard_smoke.py'.
Hint: make sure your test modules/packages have valid Python names.
Traceback:
C:\Python\lib\importlib\__init__.py:126: in import_module
    return _bootstrap._gcd_import(name[level:], package, level)
tests\test_storyboard_smoke.py:1: in <module>
    from core.narrative import StoryArc
E   ImportError: cannot import name 'StoryArc' from 'core.narrative' (C:\Users\siddh\Projects\Emotion_and_AI\core\narrative.py)
______________ ERROR collecting tests/test_value_graph_smoke.py _______________
ImportError while importing test module 'C:\Users\siddh\Projects\Emotion_and_AI\tests\test_value_graph_smoke.py'.
Hint: make sure your test modules/packages have valid Python names.
Traceback:
C:\Python\lib\importlib\__init__.py:126: in import_module
    return _bootstrap._gcd_import(name[level:], package, level)
tests\test_value_graph_smoke.py:1: in <module>
    from core.narrative import StoryArc
E   ImportError: cannot import name 'StoryArc' from 'core.narrative' (C:\Users\siddh\Projects\Emotion_and_AI\core\narrative.py)
______________ ERROR collecting tests/test_verification_smoke.py ______________
ImportError while importing test module 'C:\Users\siddh\Projects\Emotion_and_AI\tests\test_verification_smoke.py'.
Hint: make sure your test modules/packages have valid Python names.
Traceback:
C:\Python\lib\importlib\__init__.py:126: in import_module
    return _bootstrap._gcd_import(name[level:], package, level)
tests\test_verification_smoke.py:1: in <module>
    from core.narrative import StoryArc
E   ImportError: cannot import name 'StoryArc' from 'core.narrative' (C:\Users\siddh\Projects\Emotion_and_AI\core\narrative.py)
_________________ ERROR collecting tests/test_vision_smoke.py _________________
ImportError while importing test module 'C:\Users\siddh\Projects\Emotion_and_AI\tests\test_vision_smoke.py'.
Hint: make sure your test modules/packages have valid Python names.
Traceback:
C:\Python\lib\importlib\__init__.py:126: in import_module
    return _bootstrap._gcd_import(name[level:], package, level)
tests\test_vision_smoke.py:1: in <module>
    from perception.vision import BlipVision
perception\vision.py:5: in <module>
    from transformers import BlipProcessor, BlipForConditionalGeneration
E   ModuleNotFoundError: No module named 'transformers'
_________________ ERROR collecting tests/test_voice_smoke.py __________________
ImportError while importing test module 'C:\Users\siddh\Projects\Emotion_and_AI\tests\test_voice_smoke.py'.
Hint: make sure your test modules/packages have valid Python names.
Traceback:
C:\Python\lib\importlib\__init__.py:126: in import_module
    return _bootstrap._gcd_import(name[level:], package, level)
tests\test_voice_smoke.py:1: in <module>
    from core.narrative import StoryArc
E   ImportError: cannot import name 'StoryArc' from 'core.narrative' (C:\Users\siddh\Projects\Emotion_and_AI\core\narrative.py)
=========================== short test summary info ===========================
ERROR tests/test_graph_smoke.py
ERROR tests/test_interactive_smoke.py
ERROR tests/test_narrative_smoke.py
ERROR tests/test_storyboard_smoke.py
ERROR tests/test_value_graph_smoke.py
ERROR tests/test_verification_smoke.py
ERROR tests/test_vision_smoke.py
ERROR tests/test_voice_smoke.py
!!!!!!!!!!!!!!!!!!! Interrupted: 8 errors during collection !!!!!!!!!!!!!!!!!!!
============================== 8 errors in 0.70s ==============================
