============================= test session starts =============================
platform win32 -- Python 3.10.11, pytest-9.0.2, pluggy-1.6.0 -- C:\Python\python.exe
cachedir: .pytest_cache
rootdir: C:\Users\siddh\Projects\Emotion_and_AI
plugins: anyio-4.10.0, dash-4.1.0
collecting ... collected 6 items

tests/test_self_model.py::test_self_model_basic PASSED                   [ 16%]
tests/test_self_model.py::test_confidence_descriptors PASSED             [ 33%]
tests/test_self_model.py::test_counterfactual_trigger_item FAILED        [ 50%]
tests/test_self_model.py::test_counterfactual_trigger_multiplier FAILED  [ 66%]
tests/test_self_model.py::test_limitation_warning PASSED                 [ 83%]
tests/test_self_model.py::test_trust_summary PASSED                      [100%]

================================== FAILURES ===================================
______________________ test_counterfactual_trigger_item _______________________
tests\test_self_model.py:64: in test_counterfactual_trigger_item
    assert "i3" in sm.counterfactual_trigger
E   AssertionError: assert 'i3' in 'Hypotheses are fundamentally distinct but item-level divergence is subtle.'
E    +  where 'Hypotheses are fundamentally distinct but item-level divergence is subtle.' = SelfModel(current_belief='Primary candidate: group size 0, multiplier 0.00 (p=60.00%)', confidence_description='Minimal/None (0.00 margin)', uncertainty_rationale='Uncertainty is minimal; beliefs have largely converged.', goal_description='', action_justification='', limitation_warning=None, counterfactual_trigger='Hypotheses are fundamentally distinct but item-level divergence is subtle.', trust_status='No observers identified.', workspace_snapshot=CognitiveState(entropy=0.0, confidence_margin=0.0, top_hypotheses=[({'S': ['i1', 'i2'], 'm': 2.0}, 0.6), ({'S': ['i2', 'i3'], 'm': 2.0}, 0.3)], trust_distribution={}, trusted_source_locked=False, query_rationale='', all_hypotheses=[], items_queried=0, items_total=0, current_goal='', next_action='', last_action_reason='', episode_count=0, memory_summary={})).counterfactual_trigger
___________________ test_counterfactual_trigger_multiplier ____________________
tests\test_self_model.py:77: in test_counterfactual_trigger_multiplier
    assert "1.50" in sm.counterfactual_trigger
E   AssertionError: assert '1.50' in 'Hypotheses are fundamentally distinct but item-level divergence is subtle.'
E    +  where 'Hypotheses are fundamentally distinct but item-level divergence is subtle.' = SelfModel(current_belief='Primary candidate: group size 0, multiplier 0.00 (p=60.00%)', confidence_description='Minimal/None (0.00 margin)', uncertainty_rationale='Uncertainty is minimal; beliefs have largely converged.', goal_description='', action_justification='', limitation_warning=None, counterfactual_trigger='Hypotheses are fundamentally distinct but item-level divergence is subtle.', trust_status='No observers identified.', workspace_snapshot=CognitiveState(entropy=0.0, confidence_margin=0.0, top_hypotheses=[({'S': ['i1', 'i2'], 'm': 2.0}, 0.6), ({'S': ['i1', 'i2'], 'm': 1.5}, 0.3)], trust_distribution={}, trusted_source_locked=False, query_rationale='', all_hypotheses=[], items_queried=0, items_total=0, current_goal='', next_action='', last_action_reason='', episode_count=0, memory_summary={})).counterfactual_trigger
=========================== short test summary info ===========================
FAILED tests/test_self_model.py::test_counterfactual_trigger_item - Assertion...
FAILED tests/test_self_model.py::test_counterfactual_trigger_multiplier - Ass...
========================= 2 failed, 4 passed in 0.35s =========================
